0 verbose cli /usr/local/bin/node /usr/local/bin/npm
1 info using npm@11.6.2
2 info using node@v24.11.1
3 silly config load:file:/usr/local/lib/node_modules/npm/npmrc
4 silly config load:file:/home/container/.npmrc
5 silly config load:file:/usr/local/etc/npmrc
6 verbose title npm install
7 verbose argv "install"
8 verbose logfile logs-max:10 dir:/home/container/.npm/_logs/2026-08-01T14_40_58_901Z-
9 verbose logfile /home/container/.npm/_logs/2026-08-01T14_40_58_901Z-debug-0.log
10 silly logfile start cleaning logs, removing 1 files
11 silly logfile done cleaning log files
12 silly packumentCache heap:271581184 maxSize:67895296 maxEntrySize:33947648
13 silly idealTree buildDeps
14 silly reify moves {}
15 silly audit bulk request {
15 silly audit   '@bochilteam/scraper': [ '5.0.1' ],
15 silly audit   '@bochilteam/scraper-bmkg': [ '5.0.0' ],
15 silly audit   '@bochilteam/scraper-facebook': [ '5.0.0' ],
15 silly audit   '@bochilteam/scraper-games': [ '5.0.0' ],
15 silly audit   '@bochilteam/scraper-googleit': [ '5.0.0' ],
15 silly audit   '@bochilteam/scraper-images': [ '5.0.0' ],
15 silly audit   '@bochilteam/scraper-instagram': [ '5.0.0' ],
15 silly audit   '@bochilteam/scraper-lyrics': [ '5.0.0' ],
15 silly audit   '@bochilteam/scraper-mediafire': [ '5.0.0' ],
15 silly audit   '@bochilteam/scraper-news': [ '5.0.0' ],
15 silly audit   '@bochilteam/scraper-others': [ '5.0.0' ],
15 silly audit   '@bochilteam/scraper-primbon': [ '5.0.0' ],
15 silly audit   '@bochilteam/scraper-religions': [ '5.0.0' ],
15 silly audit   '@bochilteam/scraper-savefrom': [ '5.0.0' ],
15 silly audit   '@bochilteam/scraper-sfilemobi': [ '5.0.0' ],
15 silly audit   '@bochilteam/scraper-snapsave': [ '5.0.0' ],
15 silly audit   '@bochilteam/scraper-texts': [ '5.0.0' ],
15 silly audit   '@bochilteam/scraper-tiktok': [ '5.0.0' ],
15 silly audit   '@bochilteam/scraper-twitter': [ '5.0.0' ],
15 silly audit   '@bochilteam/scraper-wikipedia': [ '5.0.0' ],
15 silly audit   '@bochilteam/scraper-youtube': [ '5.0.0' ],
15 silly audit   '@borewit/text-codec': [ '0.2.2' ],
15 silly audit   '@cacheable/memory': [ '2.2.0' ],
15 silly audit   '@cacheable/node-cache': [ '1.7.6' ],
15 silly audit   '@cacheable/utils': [ '2.5.0' ],
15 silly audit   '@cypress/request': [ '3.0.10' ],
15 silly audit   '@cypress/request-promise': [ '5.0.0' ],
15 silly audit   'tough-cookie': [ '4.1.4', '2.5.0', '5.1.2' ],
15 silly audit   universalify: [ '0.2.0', '2.0.1' ],
15 silly audit   '@derhuerst/http-basic': [ '8.2.4' ],
15 silly audit   '@ru-hend/ytdl-core': [ '4.16.15' ],
15 silly audit   'agent-base': [ '7.1.4', '6.0.2' ],
15 silly audit   'https-proxy-agent': [ '7.0.6', '5.0.1' ],
15 silly audit   '@emnapi/runtime': [ '1.11.3' ],
15 silly audit   '@hapi/boom': [ '10.0.1', '9.1.4' ],
15 silly audit   '@hapi/hoek': [ '11.0.7', '9.3.0' ],
15 silly audit   '@img/sharp-darwin-arm64': [ '0.33.5' ],
15 silly audit   '@img/sharp-darwin-x64': [ '0.33.5' ],
15 silly audit   '@img/sharp-libvips-darwin-arm64': [ '1.0.4' ],
15 silly audit   '@img/sharp-libvips-darwin-x64': [ '1.0.4' ],
15 silly audit   '@img/sharp-libvips-linux-arm': [ '1.0.5' ],
15 silly audit   '@img/sharp-libvips-linux-arm64': [ '1.0.4' ],
15 silly audit   '@img/sharp-libvips-linux-s390x': [ '1.0.4' ],
15 silly audit   '@img/sharp-libvips-linux-x64': [ '1.0.4' ],
15 silly audit   '@img/sharp-libvips-linuxmusl-arm64': [ '1.0.4' ],
15 silly audit   '@img/sharp-libvips-linuxmusl-x64': [ '1.0.4' ],
15 silly audit   '@img/sharp-linux-arm': [ '0.33.5' ],
15 silly audit   '@img/sharp-linux-arm64': [ '0.33.5' ],
15 silly audit   '@img/sharp-linux-s390x': [ '0.33.5' ],
15 silly audit   '@img/sharp-linux-x64': [ '0.33.5' ],
15 silly audit   '@img/sharp-linuxmusl-arm64': [ '0.33.5' ],
15 silly audit   '@img/sharp-linuxmusl-x64': [ '0.33.5' ],
15 silly audit   '@img/sharp-wasm32': [ '0.33.5' ],
15 silly audit   '@img/sharp-win32-ia32': [ '0.33.5' ],
15 silly audit   '@img/sharp-win32-x64': [ '0.33.5' ],
15 silly audit   '@jimp/core': [ '1.6.1' ],
15 silly audit   'file-type': [ '21.3.4', '16.5.4', '3.9.0' ],
15 silly audit   strtok3: [ '10.3.5', '6.3.0' ],
15 silly audit   'token-types': [ '6.1.2', '4.2.1' ],
15 silly audit   '@jimp/diff': [ '1.6.1' ],
15 silly audit   '@jimp/file-ops': [ '1.6.1' ],
15 silly audit   '@jimp/js-bmp': [ '1.6.1' ],
15 silly audit   '@jimp/js-gif': [ '1.6.1' ],
15 silly audit   '@jimp/js-jpeg': [ '1.6.1' ],
15 silly audit   '@jimp/js-png': [ '1.6.1' ],
15 silly audit   '@jimp/js-tiff': [ '1.6.1' ],
15 silly audit   '@jimp/plugin-blit': [ '1.6.1' ],
15 silly audit   '@jimp/plugin-blur': [ '1.6.1' ],
15 silly audit   '@jimp/plugin-circle': [ '1.6.1' ],
15 silly audit   '@jimp/plugin-color': [ '1.6.1' ],
15 silly audit   '@jimp/plugin-contain': [ '1.6.1' ],
15 silly audit   '@jimp/plugin-cover': [ '1.6.1' ],
15 silly audit   '@jimp/plugin-crop': [ '1.6.1' ],
15 silly audit   '@jimp/plugin-displace': [ '1.6.1' ],
15 silly audit   '@jimp/plugin-dither': [ '1.6.1' ],
15 silly audit   '@jimp/plugin-fisheye': [ '1.6.1' ],
15 silly audit   '@jimp/plugin-flip': [ '1.6.1' ],
15 silly audit   '@jimp/plugin-hash': [ '1.6.1' ],
15 silly audit   '@jimp/plugin-mask': [ '1.6.1' ],
15 silly audit   '@jimp/plugin-print': [ '1.6.1' ],
15 silly audit   '@jimp/plugin-quantize': [ '1.6.1' ],
15 silly audit   '@jimp/plugin-resize': [ '1.6.1' ],
15 silly audit   '@jimp/plugin-rotate': [ '1.6.1' ],
15 silly audit   '@jimp/plugin-threshold': [ '1.6.1' ],
15 silly audit   '@jimp/types': [ '1.6.1' ],
15 silly audit   '@jimp/utils': [ '1.6.1' ],
15 silly audit   '@jsep-plugin/assignment': [ '1.3.0' ],
15 silly audit   '@jsep-plugin/regex': [ '1.0.4' ],
15 silly audit   '@keyv/bigmap': [ '1.3.1' ],
15 silly audit   '@keyv/serialize': [ '1.1.1' ],
15 silly audit   '@pinojs/redact': [ '0.4.0' ],
15 silly audit   '@protobufjs/aspromise': [ '1.1.2' ],
15 silly audit   '@protobufjs/base64': [ '1.1.2' ],
15 silly audit   '@protobufjs/codegen': [ '2.0.5' ],
15 silly audit   '@protobufjs/eventemitter': [ '1.1.1' ],
15 silly audit   '@protobufjs/fetch': [ '1.1.1' ],
15 silly audit   '@protobufjs/float': [ '1.0.2' ],
15 silly audit   '@protobufjs/path': [ '1.1.2' ],
15 silly audit   '@protobufjs/pool': [ '1.1.0' ],
15 silly audit   '@protobufjs/utf8': [ '1.1.2' ],
15 silly audit   '@sindresorhus/is': [ '4.6.0' ],
15 silly audit   '@szmarczak/http-timer': [ '4.0.6' ],
15 silly audit   '@tokenizer/inflate': [ '0.4.1' ],
15 silly audit   '@tokenizer/token': [ '0.3.0' ],
15 silly audit   '@types/cacheable-request': [ '6.0.3' ],
15 silly audit   '@types/http-cache-semantics': [ '4.2.0' ],
15 silly audit   '@types/http-errors': [ '1.8.2' ],
15 silly audit   '@types/keyv': [ '3.1.4' ],
15 silly audit   '@types/node': [ '26.1.2', '10.17.60', '16.9.1' ],
15 silly audit   '@types/responselike': [ '1.0.3' ],
15 silly audit   '@vitalets/google-translate-api': [ '9.2.1' ],
15 silly audit   '@whiskeysockets/baileys': [ '6.7.24' ],
15 silly audit   'abort-controller': [ '3.0.0' ],
15 silly audit   ajv: [ '6.15.0' ],
15 silly audit   'ansi-regex': [ '5.0.1', '3.0.1' ],
15 silly audit   'ansi-styles': [ '4.3.0' ],
15 silly audit   'any-base': [ '1.1.0' ],
15 silly audit   anymatch: [ '3.1.3' ],
15 silly audit   'array-buffer-byte-length': [ '1.0.2' ],
15 silly audit   'array.prototype.findindex': [ '2.2.4' ],
15 silly audit   'arraybuffer.prototype.slice': [ '1.0.4' ],
15 silly audit   asn1: [ '0.2.6' ],
15 silly audit   'assert-plus': [ '1.0.0' ],
15 silly audit   async: [ '0.2.10' ],
15 silly audit   'async-function': [ '1.0.0' ],
15 silly audit   'async-mutex': [ '0.5.0' ],
15 silly audit   'async.parallellimit': [ '0.5.2' ],
15 silly audit   'async.util.eachoflimit': [ '0.5.2' ],
15 silly audit   'async.util.isarray': [ '0.5.2' ],
15 silly audit   'async.util.isarraylike': [ '0.5.2' ],
15 silly audit   'async.util.keyiterator': [ '0.5.2' ],
15 silly audit   'async.util.keys': [ '0.5.2' ],
15 silly audit   'async.util.noop': [ '0.5.2' ],
15 silly audit   'async.util.once': [ '0.5.2' ],
15 silly audit   'async.util.onlyonce': [ '0.5.2' ],
15 silly audit   'async.util.parallel': [ '0.5.2' ],
15 silly audit   'async.util.restparam': [ '0.5.2' ],
15 silly audit   asynckit: [ '0.4.0' ],
15 silly audit   'atomic-sleep': [ '1.0.0' ],
15 silly audit   'available-typed-arrays': [ '1.0.7' ],
15 silly audit   'await-to-js': [ '3.0.0' ],
15 silly audit   'awesome-phonenumber': [ '6.12.0' ],
15 silly audit   'aws-sign2': [ '0.7.0' ],
15 silly audit   aws4: [ '1.13.2' ],
15 silly audit   axios: [ '1.19.0', '0.21.4' ],
15 silly audit   'balanced-match': [ '4.0.4', '1.0.2' ],
15 silly audit   'base64-js': [ '1.5.1' ],
15 silly audit   'bcrypt-pbkdf': [ '1.0.2' ],
15 silly audit   'binary-extensions': [ '2.3.0' ],
15 silly audit   bl: [ '1.2.3', '4.1.0' ],
15 silly audit   isarray: [ '1.0.0', '2.0.5' ],
15 silly audit   'readable-stream': [ '2.3.8', '4.7.0', '3.6.2' ],
15 silly audit   'safe-buffer': [ '5.1.2', '5.2.1' ],
15 silly audit   string_decoder: [ '1.1.1', '1.3.0' ],
15 silly audit   bluebird: [ '3.7.2' ],
15 silly audit   'bmp-ts': [ '1.0.9' ],
15 silly audit   boolbase: [ '1.0.0' ],
15 silly audit   boolstring: [ '2.0.1' ],
15 silly audit   'brace-expansion': [ '5.0.9', '1.1.18' ],
15 silly audit   braces: [ '3.0.3' ],
15 silly audit   buffer: [ '6.0.3', '5.7.1' ],
15 silly audit   'buffer-from': [ '1.1.2' ],
15 silly audit   cacheable: [ '2.5.0' ],
15 silly audit   'cacheable-lookup': [ '5.0.4' ],
15 silly audit   'cacheable-request': [ '7.0.4' ],
15 silly audit   keyv: [ '4.5.4', '5.6.0' ],
15 silly audit   'call-bind': [ '1.0.9' ],
15 silly audit   'call-bind-apply-helpers': [ '1.0.2' ],
15 silly audit   'call-bound': [ '1.0.4' ],
15 silly audit   camelcase: [ '5.3.1' ],
15 silly audit   canvas: [ '3.2.3' ],
15 silly audit   caseless: [ '0.12.0' ],
15 silly audit   chalk: [ '4.1.2' ],
15 silly audit   cheerio: [ '1.2.0', '1.0.0-rc.10' ],
15 silly audit   'cheerio-select': [ '2.1.0', '1.6.0' ],
15 silly audit   chokidar: [ '3.6.0' ],
15 silly audit   chownr: [ '1.1.4' ],
15 silly audit   cliui: [ '6.0.0' ],
15 silly audit   clone: [ '2.1.2' ],
15 silly audit   'clone-response': [ '1.0.3' ],
15 silly audit   color: [ '4.2.3' ],
15 silly audit   'color-convert': [ '2.0.1' ],
15 silly audit   'color-name': [ '1.1.4' ],
15 silly audit   'color-string': [ '1.9.1' ],
15 silly audit   colorette: [ '2.0.20' ],
15 silly audit   'combined-stream': [ '1.0.8' ],
15 silly audit   commander: [ '14.0.3' ],
15 silly audit   'concat-map': [ '0.0.1' ],
15 silly audit   'concat-stream': [ '2.0.0' ],
15 silly audit   'content-type': [ '2.0.0' ],
15 silly audit   'core-util-is': [ '1.0.2' ],
15 silly audit   'css-select': [ '5.2.2', '4.3.0' ],
15 silly audit   'css-what': [ '6.2.2' ],
15 silly audit   'curve25519-js': [ '0.0.4' ],
15 silly audit   dashdash: [ '1.14.1' ],
15 silly audit   dasu: [ '0.4.3' ],
15 silly audit   'data-view-buffer': [ '1.0.2' ],
15 silly audit   'data-view-byte-length': [ '1.0.2' ],
15 silly audit   'data-view-byte-offset': [ '1.0.1' ],
15 silly audit   dateformat: [ '4.6.3' ],
15 silly audit   debug: [ '4.4.3', '3.2.7' ],
15 silly audit   decamelize: [ '1.2.0' ],
15 silly audit   'decompress-response': [ '6.0.0' ],
15 silly audit   'mimic-response': [ '3.1.0', '1.0.1' ],
15 silly audit   'deep-extend': [ '0.6.0' ],
15 silly audit   'defer-to-connect': [ '2.0.1' ],
15 silly audit   'define-data-property': [ '1.1.4' ],
15 silly audit   'define-properties': [ '1.2.1' ],
15 silly audit   'delayed-stream': [ '1.0.0' ],
15 silly audit   depd: [ '2.0.0' ],
15 silly audit   'detect-libc': [ '2.1.2' ],
15 silly audit   dijkstrajs: [ '1.0.3' ],
15 silly audit   'dom-serializer': [ '2.0.0', '1.4.1' ],
15 silly audit   domelementtype: [ '2.3.0' ],
15 silly audit   domhandler: [ '5.0.3', '4.3.1' ],
15 silly audit   domutils: [ '3.2.2', '2.8.0' ],
15 silly audit   dotenv: [ '16.6.1' ],
15 silly audit   'dunder-proto': [ '1.0.1' ],
15 silly audit   'ecc-jsbn': [ '0.1.2' ],
15 silly audit   'emoji-regex': [ '8.0.0' ],
15 silly audit   'encoding-sniffer': [ '0.2.1' ],
15 silly audit   'end-of-stream': [ '1.4.5' ],
15 silly audit   entities: [ '4.5.0', '7.0.1', '6.0.1', '2.2.0' ],
15 silly audit   'env-paths': [ '2.2.1' ],
15 silly audit   'es-abstract': [ '1.24.2' ],
15 silly audit   'es-abstract-get': [ '1.0.0' ],
15 silly audit   'es-define-property': [ '1.0.1' ],
15 silly audit   'es-errors': [ '1.3.0' ],
15 silly audit   'es-object-atoms': [ '1.1.2' ],
15 silly audit   'es-set-tostringtag': [ '2.1.0' ],
15 silly audit   'es-shim-unscopables': [ '1.1.0' ],
15 silly audit   'es-to-primitive': [ '1.3.4' ],
15 silly audit   'event-target-shim': [ '5.0.1' ],
15 silly audit   eventemitter3: [ '3.1.2' ],
15 silly audit   events: [ '3.3.0' ],
15 silly audit   'exif-parser': [ '0.1.12' ],
15 silly audit   'expand-template': [ '2.0.3' ],
15 silly audit   extend: [ '3.0.2' ],
15 silly audit   extsprintf: [ '1.3.0' ],
15 silly audit   'fast-copy': [ '3.0.2' ],
15 silly audit   'fast-deep-equal': [ '3.1.3' ],
15 silly audit   'fast-json-stable-stringify': [ '2.1.0' ],
15 silly audit   'fast-safe-stringify': [ '2.1.1' ],
15 silly audit   'ffmpeg-static': [ '5.3.0' ],
15 silly audit   figlet: [ '1.11.4' ],
15 silly audit   'fill-range': [ '7.1.1' ],
15 silly audit   'find-up': [ '4.1.0' ],
15 silly audit   'fluent-ffmpeg': [ '2.1.3' ],
15 silly audit   'follow-redirects': [ '1.16.0' ],
15 silly audit   'for-each': [ '0.3.5' ],
15 silly audit   'forever-agent': [ '0.6.1' ],
15 silly audit   'form-data': [ '4.0.6', '2.3.3' ],
15 silly audit   'fs-constants': [ '1.0.0' ],
15 silly audit   'fs-extra': [ '10.1.0' ],
15 silly audit   fsevents: [ '2.3.3' ],
15 silly audit   'function-bind': [ '1.1.2' ],
15 silly audit   'function.prototype.name': [ '1.2.0' ],
15 silly audit   'functions-have-names': [ '1.2.3' ],
15 silly audit   'generator-function': [ '2.0.1' ],
15 silly audit   'get-caller-file': [ '2.0.5' ],
15 silly audit   'get-intrinsic': [ '1.3.0' ],
15 silly audit   'get-proto': [ '1.0.1' ],
15 silly audit   'get-stream': [ '5.2.0' ],
15 silly audit   'get-symbol-description': [ '1.1.0' ],
15 silly audit   getpass: [ '0.1.7' ],
15 silly audit   'gifted-btns': [ '1.0.2' ],
15 silly audit   gifwrap: [ '0.10.1' ],
15 silly audit   'github-from-package': [ '0.0.0' ],
15 silly audit   'glob-parent': [ '5.1.2' ],
15 silly audit   globalthis: [ '1.0.4' ],
15 silly audit   gopd: [ '1.2.0' ],
15 silly audit   got: [ '11.8.6' ],
15 silly audit   'graceful-fs': [ '4.2.11' ],
15 silly audit   'har-schema': [ '2.0.0' ],
15 silly audit   'har-validator': [ '5.1.5' ],
15 silly audit   'has-bigints': [ '1.1.0' ],
15 silly audit   'has-flag': [ '4.0.0', '3.0.0' ],
15 silly audit   'has-property-descriptors': [ '1.0.2' ],
15 silly audit   'has-proto': [ '1.2.0' ],
15 silly audit   'has-symbols': [ '1.1.0' ],
15 silly audit   'has-tostringtag': [ '1.0.2' ],
15 silly audit   hashery: [ '1.5.1' ],
15 silly audit   hasown: [ '2.0.4' ],
15 silly audit   'help-me': [ '5.0.0' ],
15 silly audit   hookified: [ '1.15.1', '2.2.0' ],
15 silly audit   htmlparser2: [ '10.1.0', '6.1.0' ],
15 silly audit   'http-cache-semantics': [ '4.2.0' ],
15 silly audit   '@ru-hend/http-cookie-agent': [ '7.0.2' ],
15 silly audit   'http-errors': [ '2.0.1' ],
15 silly audit   'http-response-object': [ '3.0.2' ],
15 silly audit   'http-signature': [ '1.4.0', '1.2.0' ],
15 silly audit   'http2-wrapper': [ '1.0.3' ],
15 silly audit   'human-readable': [ '0.2.1' ],
15 silly audit   'human-time': [ '0.0.2' ],
15 silly audit   'iconv-lite': [ '0.6.3' ],
15 silly audit   ieee754: [ '1.2.1' ],
15 silly audit   'ignore-by-default': [ '1.0.1' ],
15 silly audit   'image-q': [ '4.0.0' ],
15 silly audit   'image-size': [ '1.2.1' ],
15 silly audit   inherits: [ '2.0.4' ],
15 silly audit   ini: [ '1.3.8' ],
15 silly audit   'internal-slot': [ '1.1.0' ],
15 silly audit   'is-array-buffer': [ '3.0.5' ],
15 silly audit   'is-arrayish': [ '0.3.4' ],
15 silly audit   'is-async-function': [ '2.1.1' ],
15 silly audit   'is-bigint': [ '1.1.0' ],
15 silly audit   'is-binary-path': [ '2.1.0' ],
15 silly audit   'is-boolean-object': [ '1.2.2' ],
15 silly audit   'is-callable': [ '1.2.7' ],
15 silly audit   'is-data-view': [ '1.0.2' ],
15 silly audit   'is-date-object': [ '1.1.0' ],
15 silly audit   'is-document.all': [ '1.0.0' ],
15 silly audit   'is-extglob': [ '2.1.1' ],
15 silly audit   'is-finalizationregistry': [ '1.1.1' ],
15 silly audit   'is-fullwidth-code-point': [ '3.0.0', '2.0.0' ],
15 silly audit   'is-generator-function': [ '1.1.2' ],
15 silly audit   'is-glob': [ '4.0.3' ],
15 silly audit   'is-map': [ '2.0.3' ],
15 silly audit   'is-negative-zero': [ '2.0.3' ],
15 silly audit   'is-number': [ '7.0.0' ],
15 silly audit   'is-number-object': [ '1.1.1' ],
15 silly audit   'is-regex': [ '1.2.1' ],
15 silly audit   'is-set': [ '2.0.3' ],
15 silly audit   'is-shared-array-buffer': [ '1.0.4' ],
15 silly audit   'is-string': [ '1.1.1' ],
15 silly audit   'is-symbol': [ '1.1.1' ],
15 silly audit   'is-typed-array': [ '1.1.15' ],
15 silly audit   'is-typedarray': [ '1.0.0' ],
15 silly audit   'is-weakmap': [ '2.0.2' ],
15 silly audit   'is-weakref': [ '1.1.1' ],
15 silly audit   'is-weakset': [ '2.0.4' ],
15 silly audit   isexe: [ '2.0.0' ],
15 silly audit   isstream: [ '0.1.2' ],
15 silly audit   jimp: [ '1.6.1' ],
15 silly audit   joycon: [ '3.1.1' ],
15 silly audit   'jpeg-js': [ '0.4.4' ],
15 silly audit   jsbn: [ '0.1.1' ],
15 silly audit   jsep: [ '1.4.0' ],
15 silly audit   'json-buffer': [ '3.0.1' ],
15 silly audit   'json-schema': [ '0.4.0' ],
15 silly audit   'json-schema-traverse': [ '0.4.1' ],
15 silly audit   'json-stringify-safe': [ '5.0.1' ],
15 silly audit   jsonfile: [ '6.2.1' ],
15 silly audit   'jsonpath-plus': [ '10.3.0' ],
15 silly audit   jsprim: [ '2.0.2', '1.4.2' ],
15 silly audit   keypress: [ '0.2.1' ],
15 silly audit   'levenshtein-edit-distance': [ '2.0.5' ],
15 silly audit   libsignal: [ '6.0.0' ],
15 silly audit   'locate-path': [ '5.0.0' ],
15 silly audit   lodash: [ '4.18.1' ],
15 silly audit   long: [ '5.3.2' ],
15 silly audit   'lowercase-keys': [ '2.0.0' ],
15 silly audit   m3u8stream: [ '0.8.6' ],
15 silly audit   'math-intrinsics': [ '1.1.0' ],
15 silly audit   'media-typer': [ '2.0.0' ],
15 silly audit   mime: [ '3.0.0', '1.6.0' ],
15 silly audit   'mime-db': [ '1.52.0' ],
15 silly audit   'mime-types': [ '2.1.35' ],
15 silly audit   'mimic-fn': [ '2.1.0' ],
15 silly audit   miniget: [ '4.2.3' ],
15 silly audit   minimatch: [ '10.2.6', '3.0.8' ],
15 silly audit   minimist: [ '1.2.8' ],
15 silly audit   'mkdirp-classic': [ '0.5.3' ],
15 silly audit   moment: [ '2.30.1' ],
15 silly audit   'moment-timezone': [ '0.5.48' ],
15 silly audit   ms: [ '2.1.3' ],
15 silly audit   mumaker: [ '2.0.0' ],
15 silly audit   'music-metadata': [ '11.14.0' ],
15 silly audit   'napi-build-utils': [ '2.0.0' ],
15 silly audit   'node-abi': [ '3.94.0' ],
15 silly audit   'node-addon-api': [ '7.1.1', '5.1.0' ],
15 silly audit   'node-cache': [ '5.1.2' ],
15 silly audit   'node-fetch': [ '2.7.0' ],
15 silly audit   'node-fzf': [ '0.14.0' ],
15 silly audit   'string-width': [ '2.1.1', '4.2.3' ],
15 silly audit   'strip-ansi': [ '4.0.0', '6.0.1' ],
15 silly audit   'node-telegram-bot-api': [ '0.66.0' ],
15 silly audit   pump: [ '2.0.1', '3.0.4' ],
15 silly audit   'node-webpmux': [ '3.2.1' ],
15 silly audit   nodemon: [ '3.1.14' ],
15 silly audit   'supports-color': [ '5.5.0', '7.2.0' ],
15 silly audit   'normalize-path': [ '3.0.0' ],
15 silly audit   'normalize-url': [ '6.1.0' ],
15 silly audit   'nth-check': [ '2.1.1' ],
15 silly audit   'oauth-sign': [ '0.9.0' ],
15 silly audit   'object-inspect': [ '1.13.4' ],
15 silly audit   'object-keys': [ '1.1.1' ],
15 silly audit   'object.assign': [ '4.1.7' ],
15 silly audit   omggif: [ '1.0.10' ],
15 silly audit   'on-exit-leak-free': [ '2.1.2' ],
15 silly audit   once: [ '1.4.0' ],
15 silly audit   onetime: [ '5.1.2' ],
15 silly audit   'own-keys': [ '1.0.2' ],
15 silly audit   'p-cancelable': [ '2.1.1' ],
15 silly audit   'p-limit': [ '2.3.0' ],
15 silly audit   'p-locate': [ '4.1.0' ],
15 silly audit   'p-try': [ '2.2.0' ],
15 silly audit   pako: [ '1.0.11' ],
15 silly audit   'parse-bmfont-ascii': [ '1.0.6' ],
15 silly audit   'parse-bmfont-binary': [ '1.0.6' ],
15 silly audit   'parse-bmfont-xml': [ '1.1.6' ],
15 silly audit   'parse-cache-control': [ '1.0.1' ],
15 silly audit   parse5: [ '7.3.0', '6.0.1' ],
15 silly audit   'parse5-htmlparser2-tree-adapter': [ '7.1.0', '6.0.1' ],
15 silly audit   'parse5-parser-stream': [ '7.1.2' ],
15 silly audit   'path-exists': [ '4.0.0' ],
15 silly audit   'peek-readable': [ '4.1.0' ],
15 silly audit   'performance-now': [ '2.1.0' ],
15 silly audit   picocolors: [ '1.1.1' ],
15 silly audit   picomatch: [ '2.3.2' ],
15 silly audit   pino: [ '9.14.0' ],
15 silly audit   'pino-abstract-transport': [ '2.0.0' ],
15 silly audit   'pino-pretty': [ '11.3.0' ],
15 silly audit   'pino-std-serializers': [ '7.1.0' ],
15 silly audit   pixelmatch: [ '5.3.0' ],
15 silly audit   pngjs: [ '6.0.0', '7.0.0', '5.0.0' ],
15 silly audit   'possible-typed-array-names': [ '1.1.0' ],
15 silly audit   'prebuild-install': [ '7.1.3' ],
15 silly audit   process: [ '0.11.10' ],
15 silly audit   'process-nextick-args': [ '2.0.1' ],
15 silly audit   'process-warning': [ '5.1.0' ],
15 silly audit   progress: [ '2.0.3' ],
15 silly audit   protobufjs: [ '7.6.5' ],
15 silly audit   'proxy-from-env': [ '2.1.0' ],
15 silly audit   psl: [ '1.15.0' ],
15 silly audit   'pstree.remy': [ '1.1.8' ],
15 silly audit   punycode: [ '2.3.1' ],
15 silly audit   qified: [ '0.10.1' ],
15 silly audit   qrcode: [ '1.5.4' ],
15 silly audit   'qrcode-terminal': [ '0.12.0' ],
15 silly audit   qs: [ '6.14.2', '6.5.5' ],
15 silly audit   querystringify: [ '2.2.0' ],
15 silly audit   queue: [ '6.0.2' ],
15 silly audit   'quick-format-unescaped': [ '4.0.4' ],
15 silly audit   'quick-lru': [ '5.1.1' ],
15 silly audit   rc: [ '1.2.8' ],
15 silly audit   'strip-json-comments': [ '2.0.1', '3.1.1' ],
15 silly audit   'readable-web-to-node-stream': [ '3.0.4' ],
15 silly audit   readdirp: [ '3.6.0' ],
15 silly audit   'real-require': [ '0.2.0' ],
15 silly audit   redstar: [ '0.0.2' ],
15 silly audit   'reflect.getprototypeof': [ '1.0.10' ],
15 silly audit   'regexp.prototype.flags': [ '1.5.4' ],
15 silly audit   request: [ '2.88.2' ],
15 silly audit   'request-promise-core': [ '1.1.3' ],
15 silly audit   uuid: [ '3.4.0', '8.3.2' ],
15 silly audit   'require-directory': [ '2.1.1' ],
15 silly audit   'require-main-filename': [ '2.0.0' ],
15 silly audit   'requires-port': [ '1.0.0' ],
15 silly audit   'resolve-alpn': [ '1.2.1' ],
15 silly audit   responselike: [ '2.0.1' ],
15 silly audit   'restore-cursor': [ '3.1.0' ],
15 silly audit   'ruhend-scraper': [ '9.0.8' ],
15 silly audit   'safe-array-concat': [ '1.1.4' ],
15 silly audit   'safe-push-apply': [ '1.0.0' ],
15 silly audit   'safe-regex-test': [ '1.1.0' ],
15 silly audit   'safe-stable-stringify': [ '2.5.0' ],
15 silly audit   'safer-buffer': [ '2.1.2' ],
15 silly audit   sax: [ '1.6.1' ],
15 silly audit   'secure-json-parse': [ '2.7.0' ],
15 silly audit   semver: [ '7.8.5' ],
15 silly audit   'set-blocking': [ '2.0.0' ],
15 silly audit   'set-function-length': [ '1.2.2' ],
15 silly audit   'set-function-name': [ '2.0.2' ],
15 silly audit   'set-proto': [ '1.0.0' ],
15 silly audit   setprototypeof: [ '1.2.0' ],
15 silly audit   sharp: [ '0.33.5', '0.30.7' ],
15 silly audit   'side-channel': [ '1.1.1' ],
15 silly audit   'side-channel-list': [ '1.0.1' ],
15 silly audit   'side-channel-map': [ '1.0.1' ],
15 silly audit   'side-channel-weakmap': [ '1.0.2' ],
15 silly audit   'signal-exit': [ '3.0.7' ],
15 silly audit   similarity: [ '1.2.1' ],
15 silly audit   'simple-concat': [ '1.0.1' ],
15 silly audit   'simple-get': [ '4.0.1' ],
15 silly audit   'simple-swizzle': [ '0.2.4' ],
15 silly audit   'simple-update-notifier': [ '2.0.0' ],
15 silly audit   'simple-xml-to-json': [ '1.2.7' ],
15 silly audit   'sonic-boom': [ '4.2.1' ],
15 silly audit   split2: [ '4.2.0' ],
15 silly audit   sshpk: [ '1.18.0' ],
15 silly audit   statuses: [ '2.0.2' ],
15 silly audit   'stealthy-require': [ '1.1.1' ],
15 silly audit   'stop-iteration-iterator': [ '1.1.0' ],
15 silly audit   'string.prototype.trim': [ '1.2.11' ],
15 silly audit   'string.prototype.trimend': [ '1.0.10' ],
15 silly audit   'string.prototype.trimstart': [ '1.0.8' ],
15 silly audit   'tar-fs': [ '2.1.5' ],
15 silly audit   'tar-stream': [ '2.2.0' ],
15 silly audit   'thread-stream': [ '3.2.0' ],
15 silly audit   tinycolor2: [ '1.6.0' ],
15 silly audit   tldts: [ '6.1.86' ],
15 silly audit   'tldts-core': [ '6.1.86' ],
15 silly audit   'to-regex-range': [ '5.0.1' ],
15 silly audit   toidentifier: [ '1.0.1' ],
15 silly audit   touch: [ '3.1.1' ],
15 silly audit   tr46: [ '0.0.3' ],
15 silly audit   tslib: [ '2.8.1' ],
15 silly audit   ttys: [ '0.0.3' ],
15 silly audit   'tunnel-agent': [ '0.6.0' ],
15 silly audit   tweetnacl: [ '0.14.5' ],
15 silly audit   'typed-array-buffer': [ '1.0.3' ],
15 silly audit   'typed-array-byte-length': [ '1.0.3' ],
15 silly audit   'typed-array-byte-offset': [ '1.0.4' ],
15 silly audit   'typed-array-length': [ '1.0.8' ],
15 silly audit   typedarray: [ '0.0.6' ],
15 silly audit   'uint8array-extras': [ '1.5.0' ],
15 silly audit   'unbox-primitive': [ '1.1.0' ],
15 silly audit   undefsafe: [ '2.0.5' ],
15 silly audit   undici: [ '7.29.0' ],
15 silly audit   'undici-types': [ '8.3.0' ],
15 silly audit   'uri-js': [ '4.4.1' ],
15 silly audit   'url-parse': [ '1.5.10' ],
15 silly audit   utif2: [ '4.1.0' ],
15 silly audit   'util-deprecate': [ '1.0.2' ],
15 silly audit   verror: [ '1.10.0' ],
15 silly audit   'wa-sticker-formatter': [ '4.4.4' ],
15 silly audit   'webidl-conversions': [ '3.0.1' ],
15 silly audit   'whatwg-encoding': [ '3.1.1' ],
15 silly audit   'whatwg-mimetype': [ '4.0.0' ],
15 silly audit   'whatwg-url': [ '5.0.0' ],
15 silly audit   which: [ '1.3.1' ],
15 silly audit   'which-boxed-primitive': [ '1.1.1' ],
15 silly audit   'which-builtin-type': [ '1.2.1' ],
15 silly audit   'which-collection': [ '1.0.2' ],
15 silly audit   'which-module': [ '2.0.1' ],
15 silly audit   'which-typed-array': [ '1.1.22' ],
15 silly audit   'win-guid': [ '0.2.1' ],
15 silly audit   'wrap-ansi': [ '6.2.0' ],
15 silly audit   wrappy: [ '1.0.2' ],
15 silly audit   ws: [ '8.21.1' ],
15 silly audit   'xml-parse-from-string': [ '1.0.1' ],
15 silly audit   xml2js: [ '0.5.0' ],
15 silly audit   xmlbuilder: [ '11.0.1' ],
15 silly audit   y18n: [ '4.0.3' ],
15 silly audit   yargs: [ '15.4.1' ],
15 silly audit   'yargs-parser': [ '18.1.3' ],
15 silly audit   'yt-search': [ '2.13.1' ],
15 silly audit   'ytdl-core': [ '4.11.5' ],
15 silly audit   zod: [ '3.25.76' ]
15 silly audit }
16 http fetch POST 200 https://registry.npmjs.org/-/npm/v1/security/advisories/bulk 1784ms
17 silly audit report {
17 silly audit report   'tough-cookie': [
17 silly audit report     {
17 silly audit report       id: 1097682,
17 silly audit report       url: 'https://github.com/advisories/GHSA-72xf-g2v4-qvf3',
17 silly audit report       title: 'tough-cookie Prototype Pollution vulnerability',
17 silly audit report       severity: 'moderate',
17 silly audit report       vulnerable_versions: '<4.1.3',
17 silly audit report       cwe: [Array],
17 silly audit report       cvss: [Object]
17 silly audit report     }
17 silly audit report   ],
17 silly audit report   'file-type': [
17 silly audit report     {
17 silly audit report       id: 1114301,
17 silly audit report       url: 'https://github.com/advisories/GHSA-5v7r-6r5c-r473',
17 silly audit report       title: 'file-type affected by infinite loop in ASF parser on malformed input with zero-size sub-header',
17 silly audit report       severity: 'moderate',
17 silly audit report       vulnerable_versions: '>=13.0.0 <21.3.1',
17 silly audit report       cwe: [Array],
17 silly audit report       cvss: [Object]
17 silly audit report     }
17 silly audit report   ],
17 silly audit report   axios: [
17 silly audit report     {
17 silly audit report       id: 1111034,
17 silly audit report       url: 'https://github.com/advisories/GHSA-jr5f-v2jv-69x6',
17 silly audit report       title: 'axios Requests Vulnerable To Possible SSRF and Credential Leakage via Absolute URL',
17 silly audit report       severity: 'high',
17 silly audit report       vulnerable_versions: '<0.30.0',
17 silly audit report       cwe: [Array],
17 silly audit report       cvss: [Object]
17 silly audit report     },
17 silly audit report     {
17 silly audit report       id: 1119403,
17 silly audit report       url: 'https://github.com/advisories/GHSA-fvcv-3m26-pcqx',
17 silly audit report       title: 'Axios has Unrestricted Cloud Metadata Exfiltration via Header Injection Chain',
17 silly audit report       severity: 'moderate',
17 silly audit report       vulnerable_versions: '<0.31.0',
17 silly audit report       cwe: [Array],
17 silly audit report       cvss: [Object]
17 silly audit report     },
17 silly audit report     {
17 silly audit report       id: 1120124,
17 silly audit report       url: 'https://github.com/advisories/GHSA-62hf-57xw-28j9',
17 silly audit report       title: 'Axios: unbounded recursion in toFormData causes DoS via deeply nested request data',
17 silly audit report       severity: 'moderate',
17 silly audit report       vulnerable_versions: '<=0.31.0',
17 silly audit report       cwe: [Array],
17 silly audit report       cvss: [Object]
17 silly audit report     },
17 silly audit report     {
17 silly audit report       id: 1120546,
17 silly audit report       url: 'https://github.com/advisories/GHSA-hfxv-24rg-xrqf',
17 silly audit report       title: 'Axios: Regular Expression Denial of Service (ReDoS) via Cookie Name Injection',
17 silly audit report       severity: 'high',
17 silly audit report       vulnerable_versions: '<=0.31.1',
17 silly audit report       cwe: [Array],
17 silly audit report       cvss: [Object]
17 silly audit report     },
17 silly audit report     {
17 silly audit report       id: 1120644,
17 silly audit report       url: 'https://github.com/advisories/GHSA-p92q-9vqr-4j8v',
17 silly audit report       title: 'Axios: Proxy-Authorization Credential Leak to Origin Server Across HTTP-to-HTTPS Redirect in Axios Node.js HTTP Adapter',
17 silly audit report       severity: 'high',
17 silly audit report       vulnerable_versions: '<=0.31.1',
17 silly audit report       cwe: [Array],
17 silly audit report       cvss: [Object]
17 silly audit report     },
17 silly audit report     {
17 silly audit report       id: 1120646,
17 silly audit report       url: 'https://github.com/advisories/GHSA-j5f8-grm9-p9fc',
17 silly audit report       title: 'Axios: Proxy-Authorization header leaks to redirect target when proxy is re-evaluated to direct connection',
17 silly audit report       severity: 'high',
17 silly audit report       vulnerable_versions: '<=0.31.1',
17 silly audit report       cwe: [Array],
17 silly audit report       cvss: [Object]
17 silly audit report     },
17 silly audit report     {
17 silly audit report       id: 1120648,
17 silly audit report       url: 'https://github.com/advisories/GHSA-3g43-6gmg-66jw',
17 silly audit report       title: 'axios Vulnerable to Credential Theft and Response Hijacking via Prototype Pollution Gadget in Config Merge',
17 silly audit report       severity: 'high',
17 silly audit report       vulnerable_versions: '>=0.19.0 <0.31.1',
17 silly audit report       cwe: [Array],
17 silly audit report       cvss: [Object]
17 silly audit report     },
17 silly audit report     {
17 silly audit report       id: 1120651,
17 silly audit report       url: 'https://github.com/advisories/GHSA-898c-q2cr-xwhg',
17 silly audit report       title: 'axios has DoS & Header Injection via Prototype Pollution Read-Side Gadgets in axios merge functions',
17 silly audit report       severity: 'moderate',
17 silly audit report       vulnerable_versions: '<=0.31.1',
17 silly audit report       cwe: [Array],
17 silly audit report       cvss: [Object]
17 silly audit report     },
17 silly audit report     {
17 silly audit report       id: 1116672,
17 silly audit report       url: 'https://github.com/advisories/GHSA-3p68-rc4w-qgx5',
17 silly audit report       title: 'Axios has a NO_PROXY Hostname Normalization Bypass that Leads to SSRF',
17 silly audit report       severity: 'moderate',
17 silly audit report       vulnerable_versions: '<0.31.0',
17 silly audit report       cwe: [Array],
17 silly audit report       cvss: [Object]
17 silly audit report     },
17 silly audit report     {
17 silly audit report       id: 1117573,
17 silly audit report       url: 'https://github.com/advisories/GHSA-w9j2-pvgh-6h63',
17 silly audit report       title: 'Axios: Authentication Bypass via Prototype Pollution Gadget in `validateStatus` Merge Strategy',
17 silly audit report       severity: 'moderate',
17 silly audit report       vulnerable_versions: '<=0.31.0',
17 silly audit report       cwe: [Array],
17 silly audit report       cvss: [Object]
17 silly audit report     },
17 silly audit report     {
17 silly audit report       id: 1117575,
17 silly audit report       url: 'https://github.com/advisories/GHSA-pmwg-cvhr-8vh7',
17 silly audit report       title: 'Axios: Incomplete Fix for CVE-2025-62718 — NO_PROXY Protection Bypassed via RFC 1122 Loopback Subnet (127.0.0.0/8) in Axios 1.15.0',
17 silly audit report       severity: 'high',
17 silly audit report       vulnerable_versions: '<=0.31.0',
17 silly audit report       cwe: [Array],
17 silly audit report       cvss: [Object]
17 silly audit report     },
17 silly audit report     {
17 silly audit report       id: 1117579,
17 silly audit report       url: 'https://github.com/advisories/GHSA-xhjh-pmcv-23jw',
17 silly audit report       title: 'Axios: Null Byte Injection via Reverse-Encoding in AxiosURLSearchParams',
17 silly audit report       severity: 'low',
17 silly audit report       vulnerable_versions: '<=0.31.0',
17 silly audit report       cwe: [Array],
17 silly audit report       cvss: [Object]
17 silly audit report     },
17 silly audit report     {
17 silly audit report       id: 1117582,
17 silly audit report       url: 'https://github.com/advisories/GHSA-m7pr-hjqh-92cm',
17 silly audit report       title: 'Axios: no_proxy bypass via IP alias allows SSRF',
17 silly audit report       severity: 'moderate',
17 silly audit report       vulnerable_versions: '<=0.31.0',
17 silly audit report       cwe: [Array],
17 silly audit report       cvss: [Object]
17 silly audit report     },
17 silly audit report     {
17 silly audit report       id: 1117586,
17 silly audit report       url: 'https://github.com/advisories/GHSA-5c9x-8gcm-mpgx',
17 silly audit report       title: "Axios' HTTP adapter-streamed uploads bypass maxBodyLength when maxRedirects: 0",
17 silly audit report       severity: 'moderate',
17 silly audit report       vulnerable_versions: '<=0.31.0',
17 silly audit report       cwe: [Array],
17 silly audit report       cvss: [Object]
17 silly audit report     },
17 silly audit report     {
17 silly audit report       id: 1117588,
17 silly audit report       url: 'https://github.com/advisories/GHSA-vf2m-468p-8v99',
17 silly audit report       title: 'Axios: HTTP adapter streamed responses bypass maxContentLength',
17 silly audit report       severity: 'moderate',
17 silly audit report       vulnerable_versions: '<=0.31.0',
17 silly audit report       cwe: [Array],
17 silly audit report       cvss: [Object]
17 silly audit report     },
17 silly audit report     {
17 silly audit report       id: 1117590,
17 silly audit report       url: 'https://github.com/advisories/GHSA-pf86-5x62-jrwf',
17 silly audit report       title: 'Axios: Prototype Pollution Gadgets - Response Tampering, Data Exfiltration, and Request Hijacking',
17 silly audit report       severity: 'high',
17 silly audit report       vulnerable_versions: '<=0.31.0',
17 silly audit report       cwe: [Array],
17 silly audit report       cvss: [Object]
17 silly audit report     },
17 silly audit report     {
17 silly audit report       id: 1117592,
17 silly audit report       url: 'https://github.com/advisories/GHSA-6chq-wfr3-2hj9',
17 silly audit report       title: 'Axios: Header Injection via Prototype Pollution',
17 silly audit report       severity: 'high',
17 silly audit report       vulnerable_versions: '<=0.31.0',
17 silly audit report       cwe: [Array],
17 silly audit report       cvss: [Object]
17 silly audit report     },
17 silly audit report     {
17 silly audit report       id: 1117594,
17 silly audit report       url: 'https://github.com/advisories/GHSA-xx6v-rp6x-q39c',
17 silly audit report       title: 'Axios: XSRF Token Cross-Origin Leakage via Prototype Pollution Gadget in `withXSRFToken` Boolean Coercion',
17 silly audit report       severity: 'moderate',
17 silly audit report       vulnerable_versions: '<=0.31.0',
17 silly audit report       cwe: [Array],
17 silly audit report       cvss: [Object]
17 silly audit report     },
17 silly audit report     {
17 silly audit report       id: 1117857,
17 silly audit report       url: 'https://github.com/advisories/GHSA-43fc-jf86-j433',
17 silly audit report       title: 'Axios is Vulnerable to Denial of Service via __proto__ Key in mergeConfig',
17 silly audit report       severity: 'high',
17 silly audit report       vulnerable_versions: '<=0.30.2',
17 silly audit report       cwe: [Array],
17 silly audit report       cvss: [Object]
17 silly audit report     },
17 silly audit report     {
17 silly audit report       id: 1123825,
17 silly audit report       url: 'https://github.com/advisories/GHSA-pjwm-pj3p-43mv',
17 silly audit report       title: "axios's shouldBypassProxy does not recognize IPv4-mapped IPv6 addresses, allowing NO_PROXY bypass (incomplete fix for CVE-2025-62718)",
17 silly audit report       severity: 'high',
17 silly audit report       vulnerable_versions: '<=0.31.1',
17 silly audit report       cwe: [Array],
17 silly audit report       cvss: [Object]
17 silly audit report     },
17 silly audit report     {
17 silly audit report       id: 1123958,
17 silly audit report       url: 'https://github.com/advisories/GHSA-mmx7-hfxf-jppx',
17 silly audit report       title: 'Axios: Prototype pollution gadgets can alter axios request construction',
17 silly audit report       severity: 'moderate',
17 silly audit report       vulnerable_versions: '<0.33.0',
17 silly audit report       cwe: [Array],
17 silly audit report       cvss: [Object]
17 silly audit report     },
17 silly audit report     {
17 silly audit report       id: 1123972,
17 silly audit report       url: 'https://github.com/advisories/GHSA-7q8q-rj6j-mhjq',
17 silly audit report       title: 'Axios: Nested axios option objects can consume polluted prototype values',
17 silly audit report       severity: 'moderate',
17 silly audit report       vulnerable_versions: '>=0.8.0 <0.33.0',
17 silly audit report       cwe: [Array],
17 silly audit report       cvss: [Object]
17 silly audit report     },
17 silly audit report     {
17 silly audit report       id: 1097679,
17 silly audit report       url: 'https://github.com/advisories/GHSA-wf5p-g6vw-rhxx',
17 silly audit report       title: 'Axios Cross-Site Request Forgery Vulnerability',
17 silly audit report       severity: 'moderate',
17 silly audit report       vulnerable_versions: '>=0.8.1 <0.28.0',
17 silly audit report       cwe: [Array],
17 silly audit report       cvss: [Object]
17 silly audit report     }
17 silly audit report   ],
17 silly audit report   'form-data': [
17 silly audit report     {
17 silly audit report       id: 1109540,
17 silly audit report       url: 'https://github.com/advisories/GHSA-fjxv-7rqg-78g4',
17 silly audit report       title: 'form-data uses unsafe random function in form-data for choosing boundary',
17 silly audit report       severity: 'critical',
17 silly audit report       vulnerable_versions: '<2.5.4',
17 silly audit report       cwe: [Array],
17 silly audit report       cvss: [Object]
17 silly audit report     },
17 silly audit report     {
17 silly audit report       id: 1120745,
17 silly audit report       url: 'https://github.com/advisories/GHSA-hmw2-7cc7-3qxx',
17 silly audit report       title: 'form-data: CRLF injection in form-data via unescaped multipart field names and filenames',
17 silly audit report       severity: 'high',
17 silly audit report       vulnerable_versions: '<2.5.6',
17 silly audit report       cwe: [Array],
17 silly audit report       cvss: [Object]
17 silly audit report     }
17 silly audit report   ],
17 silly audit report   minimatch: [
17 silly audit report     {
17 silly audit report       id: 1113459,
17 silly audit report       url: 'https://github.com/advisories/GHSA-3ppc-4f35-3m26',
17 silly audit report       title: 'minimatch has a ReDoS via repeated wildcards with non-matching literal in pattern',
17 silly audit report       severity: 'high',
17 silly audit report       vulnerable_versions: '<3.1.3',
17 silly audit report       cwe: [Array],
17 silly audit report       cvss: [Object]
17 silly audit report     },
17 silly audit report     {
17 silly audit report       id: 1113538,
17 silly audit report       url: 'https://github.com/advisories/GHSA-7r86-cg39-jmmj',
17 silly audit report       title: 'minimatch has ReDoS: matchOne() combinatorial backtracking via multiple non-adjacent GLOBSTAR segments',
17 silly audit report       severity: 'high',
17 silly audit report       vulnerable_versions: '<3.1.3',
17 silly audit report       cwe: [Array],
17 silly audit report       cvss: [Object]
17 silly audit report     },
17 silly audit report     {
17 silly audit report       id: 1113546,
17 silly audit report       url: 'https://github.com/advisories/GHSA-23c5-xmqv-rm74',
17 silly audit report       title: 'minimatch ReDoS: nested *() extglobs generate catastrophically backtracking regular expressions',
17 silly audit report       severity: 'high',
17 silly audit report       vulnerable_versions: '<3.1.4',
17 silly audit report       cwe: [Array],
17 silly audit report       cvss: [Object]
17 silly audit report     }
17 silly audit report   ],
17 silly audit report   qs: [
17 silly audit report     {
17 silly audit report       id: 1119502,
17 silly audit report       url: 'https://github.com/advisories/GHSA-q8mj-m7cp-5q26',
17 silly audit report       title: 'qs has a remotely triggerable DoS: qs.stringify crashes with TypeError on null/undefined entries in comma-format arrays when encodeValuesOnly is set',
17 silly audit report       severity: 'moderate',
17 silly audit report       vulnerable_versions: '>=6.11.1 <=6.15.1',
17 silly audit report       cwe: [Array],
17 silly audit report       cvss: [Object]
17 silly audit report     },
17 silly audit report     {
17 silly audit report       id: 1113719,
17 silly audit report       url: 'https://github.com/advisories/GHSA-6rw7-vpxm-498p',
17 silly audit report       title: "qs's arrayLimit bypass in its bracket notation allows DoS via memory exhaustion",
17 silly audit report       severity: 'moderate',
17 silly audit report       vulnerable_versions: '<6.14.1',
17 silly audit report       cwe: [Array],
17 silly audit report       cvss: [Object]
17 silly audit report     }
17 silly audit report   ],
17 silly audit report   request: [
17 silly audit report     {
17 silly audit report       id: 1096727,
17 silly audit report       url: 'https://github.com/advisories/GHSA-p8p7-x288-28g6',
17 silly audit report       title: 'Server-Side Request Forgery in Request',
17 silly audit report       severity: 'moderate',
17 silly audit report       vulnerable_versions: '<=2.88.2',
17 silly audit report       cwe: [Array],
17 silly audit report       cvss: [Object]
17 silly audit report     }
17 silly audit report   ],
17 silly audit report   uuid: [
17 silly audit report     {
17 silly audit report       id: 1119441,
17 silly audit report       url: 'https://github.com/advisories/GHSA-w5hq-g745-h8pq',
17 silly audit report       title: 'uuid: Missing buffer bounds check in v3/v5/v6 when buf is provided',
17 silly audit report       severity: 'moderate',
17 silly audit report       vulnerable_versions: '<11.1.1',
17 silly audit report       cwe: [Array],
17 silly audit report       cvss: [Object]
17 silly audit report     }
17 silly audit report   ],
17 silly audit report   sharp: [
17 silly audit report     {
17 silly audit report       id: 1094888,
17 silly audit report       url: 'https://github.com/advisories/GHSA-54xq-cgqr-rpm3',
17 silly audit report       title: 'sharp vulnerability in libwebp dependency CVE-2023-4863',
17 silly audit report       severity: 'high',
17 silly audit report       vulnerable_versions: '<0.32.6',
17 silly audit report       cwe: [],
17 silly audit report       cvss: [Object]
17 silly audit report     },
17 silly audit report     {
17 silly audit report       id: 1124066,
17 silly audit report       url: 'https://github.com/advisories/GHSA-f88m-g3jw-g9cj',
17 silly audit report       title: 'sharp inherited vulnerabilities in libvips: CVE-2026-33327, CVE-2026-33328, CVE-2026-35590, CVE-2026-35591',
17 silly audit report       severity: 'high',
17 silly audit report       vulnerable_versions: '<0.35.0',
17 silly audit report       cwe: [Array],
17 silly audit report       cvss: [Object]
17 silly audit report     }
17 silly audit report   ]
17 silly audit report }
18 silly packumentCache corgi:https://registry.npmjs.org/tough-cookie cache-miss
19 silly packumentCache corgi:https://registry.npmjs.org/file-type cache-miss
20 silly packumentCache corgi:https://registry.npmjs.org/axios cache-miss
21 silly packumentCache corgi:https://registry.npmjs.org/form-data cache-miss
22 silly packumentCache corgi:https://registry.npmjs.org/minimatch cache-miss
23 silly packumentCache corgi:https://registry.npmjs.org/qs cache-miss
24 silly packumentCache corgi:https://registry.npmjs.org/request cache-miss
25 silly packumentCache corgi:https://registry.npmjs.org/uuid cache-miss
26 silly packumentCache corgi:https://registry.npmjs.org/sharp cache-miss
27 http cache https://registry.npmjs.org/request 396ms (cache hit)
28 silly packumentCache corgi:https://registry.npmjs.org/request set size:129997 disposed:false
29 http cache https://registry.npmjs.org/axios 416ms (cache hit)
30 silly packumentCache corgi:https://registry.npmjs.org/axios set size:299759 disposed:false
31 http cache https://registry.npmjs.org/tough-cookie 589ms (cache hit)
32 silly packumentCache corgi:https://registry.npmjs.org/tough-cookie set size:57569 disposed:false
33 http cache https://registry.npmjs.org/form-data 595ms (cache hit)
34 silly packumentCache corgi:https://registry.npmjs.org/form-data set size:55002 disposed:false
35 http cache https://registry.npmjs.org/minimatch 603ms (cache hit)
36 silly packumentCache corgi:https://registry.npmjs.org/minimatch set size:169442 disposed:false
37 http cache https://registry.npmjs.org/qs 608ms (cache hit)
38 silly packumentCache corgi:https://registry.npmjs.org/qs set size:148003 disposed:false
39 http cache https://registry.npmjs.org/uuid 673ms (cache hit)
40 silly packumentCache corgi:https://registry.npmjs.org/uuid set size:82973 disposed:false
41 http cache https://registry.npmjs.org/file-type 699ms (cache hit)
42 silly packumentCache corgi:https://registry.npmjs.org/file-type set size:198411 disposed:false
43 http cache https://registry.npmjs.org/sharp 700ms (cache hit)
44 silly packumentCache corgi:https://registry.npmjs.org/sharp set size:291503 disposed:false
45 silly packumentCache corgi:https://registry.npmjs.org/wa-sticker-formatter cache-miss
46 http cache https://registry.npmjs.org/wa-sticker-formatter 100ms (cache hit)
47 silly packumentCache corgi:https://registry.npmjs.org/wa-sticker-formatter set size:77857 disposed:false
48 silly packumentCache corgi:https://registry.npmjs.org/redstar cache-miss
49 http cache https://registry.npmjs.org/redstar 7ms (cache hit)
50 silly packumentCache corgi:https://registry.npmjs.org/redstar set size:1262 disposed:false
51 silly packumentCache corgi:https://registry.npmjs.org/@cypress%2frequest cache-miss
52 http cache https://registry.npmjs.org/@cypress%2frequest 78ms (cache hit)
53 silly packumentCache corgi:https://registry.npmjs.org/@cypress%2frequest set size:43242 disposed:false
54 silly packumentCache corgi:https://registry.npmjs.org/request-promise-core cache-miss
55 http cache https://registry.npmjs.org/request-promise-core 97ms (cache hit)
56 silly packumentCache corgi:https://registry.npmjs.org/request-promise-core set size:6997 disposed:false
57 silly packumentCache corgi:https://registry.npmjs.org/@whiskeysockets%2fbaileys cache-miss
58 http cache https://registry.npmjs.org/@whiskeysockets%2fbaileys 27ms (cache hit)
59 silly packumentCache corgi:https://registry.npmjs.org/@whiskeysockets%2fbaileys set size:106632 disposed:false
60 silly packumentCache corgi:https://registry.npmjs.org/node-fzf cache-miss
61 http cache https://registry.npmjs.org/node-fzf 63ms (cache hit)
62 silly packumentCache corgi:https://registry.npmjs.org/node-fzf set size:42290 disposed:false
63 silly packumentCache corgi:https://registry.npmjs.org/@cypress%2frequest-promise cache-miss
64 silly packumentCache corgi:https://registry.npmjs.org/node-telegram-bot-api cache-miss
65 http cache https://registry.npmjs.org/@cypress%2frequest-promise 11ms (cache hit)
66 silly packumentCache corgi:https://registry.npmjs.org/@cypress%2frequest-promise set size:4166 disposed:false
67 http cache https://registry.npmjs.org/node-telegram-bot-api 12ms (cache hit)
68 silly packumentCache corgi:https://registry.npmjs.org/node-telegram-bot-api set size:97311 disposed:false
69 silly packumentCache corgi:https://registry.npmjs.org/yt-search cache-miss
70 http cache https://registry.npmjs.org/yt-search 73ms (cache hit)
71 silly packumentCache corgi:https://registry.npmjs.org/yt-search set size:126336 disposed:false
72 silly packumentCache corgi:https://registry.npmjs.org/ruhend-scraper cache-miss
73 http cache https://registry.npmjs.org/ruhend-scraper 12ms (cache hit)
74 silly packumentCache corgi:https://registry.npmjs.org/ruhend-scraper set size:20653 disposed:false
75 verbose cwd /home/container
76 verbose os Linux 6.1.0-43-amd64
77 verbose node v24.11.1
78 verbose npm  v11.6.2
79 verbose exit 0
80 info ok
